Loaded 11490 rows from /tmp/w44-221/combined_zenjxl_strat.parquet; 11485 after dropping NaN
======================================================================
Phase 1: joint surface GBR fit on combined W44-216+W44-219 corpus
======================================================================

Stratum all (n=11485):
  [                             all]     ssim2_resid          params_only n=11485 y_std=10.2871 train_r2=+0.0255 test_r2=-0.0164±0.0073 (2.7s)
  [                             all]     ssim2_resid       params+effdist n=11485 y_std=10.2871 train_r2=+0.8641 test_r2=+0.8469±0.0062 (4.5s)
  [                             all]     ssim2_resid params+effdist+feats n=11485 y_std=10.2871 train_r2=+0.9898 test_r2=+0.9869±0.0017 (9.3s)
  [                             all]       ssim2_raw          params_only n=11485 y_std=11.9166 train_r2=+0.0276 test_r2=-0.0115±0.0053 (2.7s)
  [                             all]       ssim2_raw       params+effdist n=11485 y_std=11.9166 train_r2=+0.6831 test_r2=+0.6416±0.0144 (4.5s)
  [                             all]       ssim2_raw params+effdist+feats n=11485 y_std=11.9166 train_r2=+0.9926 test_r2=+0.9909±0.0015 (9.9s)
  [                             all] log_bytes_resid          params_only n=11485 y_std=0.5258 train_r2=+0.0265 test_r2=-0.0157±0.0084 (2.7s)
  [                             all] log_bytes_resid       params+effdist n=11485 y_std=0.5258 train_r2=+0.8563 test_r2=+0.8366±0.0104 (4.5s)
  [                             all] log_bytes_resid params+effdist+feats n=11485 y_std=0.5258 train_r2=+0.9826 test_r2=+0.9773±0.0028 (9.2s)
  [                             all]   log_bytes_raw          params_only n=11485 y_std=0.9972 train_r2=+0.0280 test_r2=-0.0158±0.0072 (2.7s)
  [                             all]   log_bytes_raw       params+effdist n=11485 y_std=0.9972 train_r2=+0.3206 test_r2=+0.2463±0.0209 (4.4s)
  [                             all]   log_bytes_raw params+effdist+feats n=11485 y_std=0.9972 train_r2=+0.9943 test_r2=+0.9931±0.0007 (9.8s)

Stratum screen (n=2585):
  [                          screen]     ssim2_resid          params_only n= 2585 y_std=4.4020 train_r2=+0.1439 test_r2=-0.0358±0.0444 (1.0s)
  [                          screen]     ssim2_resid       params+effdist n= 2585 y_std=4.4020 train_r2=+0.9019 test_r2=+0.8347±0.0088 (1.4s)
  [                          screen]     ssim2_resid params+effdist+feats n= 2585 y_std=4.4020 train_r2=+0.9716 test_r2=+0.9453±0.0035 (2.1s)
  [                          screen]       ssim2_raw          params_only n= 2585 y_std=4.7607 train_r2=+0.1380 test_r2=-0.0390±0.0453 (1.0s)
  [                          screen]       ssim2_raw       params+effdist n= 2585 y_std=4.7607 train_r2=+0.7903 test_r2=+0.6762±0.0297 (1.4s)
  [                          screen]       ssim2_raw params+effdist+feats n= 2585 y_std=4.7607 train_r2=+0.9743 test_r2=+0.9525±0.0026 (1.5s)
  [                          screen] log_bytes_resid          params_only n= 2585 y_std=0.2251 train_r2=+0.2041 test_r2=+0.0411±0.0486 (1.0s)
  [                          screen] log_bytes_resid       params+effdist n= 2585 y_std=0.2251 train_r2=+0.8909 test_r2=+0.8314±0.0131 (1.4s)
  [                          screen] log_bytes_resid params+effdist+feats n= 2585 y_std=0.2251 train_r2=+0.9458 test_r2=+0.8996±0.0125 (2.1s)
  [                          screen]   log_bytes_raw          params_only n= 2585 y_std=0.8043 train_r2=+0.1148 test_r2=-0.0432±0.0416 (1.0s)
  [                          screen]   log_bytes_raw       params+effdist n= 2585 y_std=0.8043 train_r2=+0.3605 test_r2=+0.0523±0.0366 (1.4s)
  [                          screen]   log_bytes_raw params+effdist+feats n= 2585 y_std=0.8043 train_r2=+0.9945 test_r2=+0.9904±0.0005 (2.1s)

Stratum photo (n=8900):
  [                           photo]     ssim2_resid          params_only n= 8900 y_std=11.4428 train_r2=+0.0315 test_r2=-0.0259±0.0116 (2.2s)
  [                           photo]     ssim2_resid       params+effdist n= 8900 y_std=11.4428 train_r2=+0.9504 test_r2=+0.9410±0.0021 (3.7s)
  [                           photo]     ssim2_resid params+effdist+feats n= 8900 y_std=11.4428 train_r2=+0.9948 test_r2=+0.9926±0.0008 (7.7s)
  [                           photo]       ssim2_raw          params_only n= 8900 y_std=12.1192 train_r2=+0.0307 test_r2=-0.0256±0.0091 (2.2s)
  [                           photo]       ssim2_raw       params+effdist n= 8900 y_std=12.1192 train_r2=+0.8581 test_r2=+0.8308±0.0064 (3.6s)
  [                           photo]       ssim2_raw params+effdist+feats n= 8900 y_std=12.1192 train_r2=+0.9953 test_r2=+0.9936±0.0010 (6.9s)
  [                           photo] log_bytes_resid          params_only n= 8900 y_std=0.5849 train_r2=+0.0307 test_r2=-0.0271±0.0114 (2.2s)
  [                           photo] log_bytes_resid       params+effdist n= 8900 y_std=0.5849 train_r2=+0.9637 test_r2=+0.9566±0.0036 (3.7s)
  [                           photo] log_bytes_resid params+effdist+feats n= 8900 y_std=0.5849 train_r2=+0.9919 test_r2=+0.9869±0.0020 (7.6s)
  [                           photo]   log_bytes_raw          params_only n= 8900 y_std=0.9497 train_r2=+0.0497 test_r2=-0.0069±0.0100 (2.2s)
  [                           photo]   log_bytes_raw       params+effdist n= 8900 y_std=0.9497 train_r2=+0.4486 test_r2=+0.3631±0.0153 (3.5s)
  [                           photo]   log_bytes_raw params+effdist+feats n= 8900 y_std=0.9497 train_r2=+0.9964 test_r2=+0.9946±0.0008 (7.4s)

Stratum screen/very_high (n=684):
  [                screen/very_high]     ssim2_resid          params_only n=  684 y_std=3.7345 train_r2=+0.5892 test_r2=+0.1969±0.0775 (-0.1s)
  [                screen/very_high]     ssim2_resid       params+effdist n=  684 y_std=3.7345 train_r2=+0.8669 test_r2=+0.6091±0.0343 (0.6s)
  [                screen/very_high]     ssim2_resid params+effdist+feats n=  684 y_std=3.7345 train_r2=+0.9762 test_r2=+0.8733±0.0282 (0.8s)
  [                screen/very_high]       ssim2_raw          params_only n=  684 y_std=4.3147 train_r2=+0.5376 test_r2=+0.1532±0.0525 (0.5s)
  [                screen/very_high]       ssim2_raw       params+effdist n=  684 y_std=4.3147 train_r2=+0.7915 test_r2=+0.3968±0.0668 (0.6s)
  [                screen/very_high]       ssim2_raw params+effdist+feats n=  684 y_std=4.3147 train_r2=+0.9818 test_r2=+0.8966±0.0275 (0.8s)
  [                screen/very_high] log_bytes_resid          params_only n=  684 y_std=0.2181 train_r2=+0.7273 test_r2=+0.4268±0.1353 (0.5s)
  [                screen/very_high] log_bytes_resid       params+effdist n=  684 y_std=0.2181 train_r2=+0.9325 test_r2=+0.7307±0.0937 (0.6s)
  [                screen/very_high] log_bytes_resid params+effdist+feats n=  684 y_std=0.2181 train_r2=+0.9771 test_r2=+0.8482±0.0390 (0.8s)
  [                screen/very_high]   log_bytes_raw          params_only n=  684 y_std=0.8250 train_r2=+0.3273 test_r2=-0.2556±0.0996 (0.5s)
  [                screen/very_high]   log_bytes_raw       params+effdist n=  684 y_std=0.8250 train_r2=+0.5395 test_r2=-0.1855±0.1391 (0.6s)
  [                screen/very_high]   log_bytes_raw params+effdist+feats n=  684 y_std=0.8250 train_r2=+0.9974 test_r2=+0.9849±0.0020 (0.8s)

Stratum screen/e8+ (n=870):
  [                      screen/e8+]     ssim2_resid          params_only n=  870 y_std=4.4595 train_r2=+0.3338 test_r2=-0.1377±0.0604 (0.6s)
  [                      screen/e8+]     ssim2_resid       params+effdist n=  870 y_std=4.4595 train_r2=+0.9149 test_r2=+0.7561±0.0127 (0.7s)
  [                      screen/e8+]     ssim2_resid params+effdist+feats n=  870 y_std=4.4595 train_r2=+0.9867 test_r2=+0.9395±0.0124 (0.9s)
  [                      screen/e8+]       ssim2_raw          params_only n=  870 y_std=4.8399 train_r2=+0.3170 test_r2=-0.1230±0.0839 (0.6s)
  [                      screen/e8+]       ssim2_raw       params+effdist n=  870 y_std=4.8399 train_r2=+0.8456 test_r2=+0.6006±0.0495 (0.7s)
  [                      screen/e8+]       ssim2_raw params+effdist+feats n=  870 y_std=4.8399 train_r2=+0.9885 test_r2=+0.9480±0.0136 (0.9s)
  [                      screen/e8+] log_bytes_resid          params_only n=  870 y_std=0.2178 train_r2=+0.4048 test_r2=-0.0355±0.1129 (0.6s)
  [                      screen/e8+] log_bytes_resid       params+effdist n=  870 y_std=0.2178 train_r2=+0.8892 test_r2=+0.7140±0.0293 (0.7s)
  [                      screen/e8+] log_bytes_resid params+effdist+feats n=  870 y_std=0.2178 train_r2=+0.9754 test_r2=+0.8907±0.0281 (0.9s)
  [                      screen/e8+]   log_bytes_raw          params_only n=  870 y_std=0.8383 train_r2=+0.2742 test_r2=-0.2443±0.1162 (0.6s)
  [                      screen/e8+]   log_bytes_raw       params+effdist n=  870 y_std=0.8383 train_r2=+0.6212 test_r2=+0.0643±0.0730 (0.7s)
  [                      screen/e8+]   log_bytes_raw params+effdist+feats n=  870 y_std=0.8383 train_r2=+0.9976 test_r2=+0.9905±0.0024 (0.9s)

Stratum screen/high (n=721):
  [                     screen/high]     ssim2_resid          params_only n=  721 y_std=2.3049 train_r2=+0.4769 test_r2=+0.0616±0.1327 (0.5s)
  [                     screen/high]     ssim2_resid       params+effdist n=  721 y_std=2.3049 train_r2=+0.8811 test_r2=+0.6382±0.0436 (0.6s)
  [                     screen/high]     ssim2_resid params+effdist+feats n=  721 y_std=2.3049 train_r2=+0.9717 test_r2=+0.8502±0.0150 (0.8s)
  [                     screen/high]       ssim2_raw          params_only n=  721 y_std=3.1282 train_r2=+0.3751 test_r2=-0.1201±0.1669 (0.5s)
  [                     screen/high]       ssim2_raw       params+effdist n=  721 y_std=3.1282 train_r2=+0.6808 test_r2=+0.1333±0.0716 (0.6s)
  [                     screen/high]       ssim2_raw params+effdist+feats n=  721 y_std=3.1282 train_r2=+0.9836 test_r2=+0.9110±0.0212 (0.8s)
  [                     screen/high] log_bytes_resid          params_only n=  721 y_std=0.1951 train_r2=+0.5730 test_r2=+0.1727±0.0902 (0.5s)
  [                     screen/high] log_bytes_resid       params+effdist n=  721 y_std=0.1951 train_r2=+0.8973 test_r2=+0.6697±0.0389 (0.6s)
  [                     screen/high] log_bytes_resid params+effdist+feats n=  721 y_std=0.1951 train_r2=+0.9789 test_r2=+0.8920±0.0124 (0.8s)
  [                     screen/high]   log_bytes_raw          params_only n=  721 y_std=0.7786 train_r2=+0.3075 test_r2=-0.2540±0.0774 (0.5s)
  [                     screen/high]   log_bytes_raw       params+effdist n=  721 y_std=0.7786 train_r2=+0.5501 test_r2=-0.1920±0.0737 (0.6s)
  [                     screen/high]   log_bytes_raw params+effdist+feats n=  721 y_std=0.7786 train_r2=+0.9979 test_r2=+0.9875±0.0022 (0.8s)

Stratum photo/very_high (n=2589):
  [                 photo/very_high]     ssim2_resid          params_only n= 2589 y_std=3.7883 train_r2=+0.1353 test_r2=-0.0372±0.0405 (1.0s)
  [                 photo/very_high]     ssim2_resid       params+effdist n= 2589 y_std=3.7883 train_r2=+0.8038 test_r2=+0.6806±0.0477 (1.4s)
  [                 photo/very_high]     ssim2_resid params+effdist+feats n= 2589 y_std=3.7883 train_r2=+0.9684 test_r2=+0.8827±0.0327 (2.6s)
  [                 photo/very_high]       ssim2_raw          params_only n= 2589 y_std=8.1737 train_r2=+0.1216 test_r2=-0.0504±0.0293 (1.0s)
  [                 photo/very_high]       ssim2_raw       params+effdist n= 2589 y_std=8.1737 train_r2=+0.3683 test_r2=+0.0926±0.0304 (1.3s)
  [                 photo/very_high]       ssim2_raw params+effdist+feats n= 2589 y_std=8.1737 train_r2=+0.9924 test_r2=+0.9764±0.0102 (1.9s)
  [                 photo/very_high] log_bytes_resid          params_only n= 2589 y_std=0.1645 train_r2=+0.1862 test_r2=+0.0187±0.0547 (1.0s)
  [                 photo/very_high] log_bytes_resid       params+effdist n= 2589 y_std=0.1645 train_r2=+0.6560 test_r2=+0.3841±0.0943 (1.3s)
  [                 photo/very_high] log_bytes_resid params+effdist+feats n= 2589 y_std=0.1645 train_r2=+0.9544 test_r2=+0.7493±0.0553 (2.5s)
  [                 photo/very_high]   log_bytes_raw          params_only n= 2589 y_std=0.7250 train_r2=+0.1397 test_r2=-0.0286±0.0286 (1.0s)
  [                 photo/very_high]   log_bytes_raw       params+effdist n= 2589 y_std=0.7250 train_r2=+0.2767 test_r2=-0.0455±0.0395 (1.3s)
  [                 photo/very_high]   log_bytes_raw params+effdist+feats n= 2589 y_std=0.7250 train_r2=+0.9956 test_r2=+0.9867±0.0037 (2.5s)

Stratum photo/high (n=2511):
  [                      photo/high]     ssim2_resid          params_only n= 2511 y_std=3.9202 train_r2=+0.0990 test_r2=-0.0762±0.0453 (1.0s)
  [                      photo/high]     ssim2_resid       params+effdist n= 2511 y_std=3.9202 train_r2=+0.9101 test_r2=+0.8595±0.0126 (1.3s)
  [                      photo/high]     ssim2_resid params+effdist+feats n= 2511 y_std=3.9202 train_r2=+0.9903 test_r2=+0.9658±0.0099 (2.5s)
  [                      photo/high]       ssim2_raw          params_only n= 2511 y_std=5.7414 train_r2=+0.1177 test_r2=-0.0645±0.0223 (1.0s)
  [                      photo/high]       ssim2_raw       params+effdist n= 2511 y_std=5.7414 train_r2=+0.5492 test_r2=+0.3451±0.0182 (1.3s)
  [                      photo/high]       ssim2_raw params+effdist+feats n= 2511 y_std=5.7414 train_r2=+0.9932 test_r2=+0.9833±0.0042 (2.5s)
  [                      photo/high] log_bytes_resid          params_only n= 2511 y_std=0.1980 train_r2=+0.1119 test_r2=-0.0733±0.0567 (1.0s)
  [                      photo/high] log_bytes_resid       params+effdist n= 2511 y_std=0.1980 train_r2=+0.8174 test_r2=+0.6673±0.0535 (1.3s)
  [                      photo/high] log_bytes_resid params+effdist+feats n= 2511 y_std=0.1980 train_r2=+0.9770 test_r2=+0.8715±0.0387 (2.5s)
  [                      photo/high]   log_bytes_raw          params_only n= 2511 y_std=0.7225 train_r2=+0.1171 test_r2=-0.0655±0.0305 (1.0s)
  [                      photo/high]   log_bytes_raw       params+effdist n= 2511 y_std=0.7225 train_r2=+0.3077 test_r2=-0.0280±0.0215 (1.3s)
  [                      photo/high]   log_bytes_raw params+effdist+feats n= 2511 y_std=0.7225 train_r2=+0.9971 test_r2=+0.9886±0.0042 (2.4s)

Stratum photo/e8+ (n=3509):
  [                       photo/e8+]     ssim2_resid          params_only n= 3509 y_std=11.7071 train_r2=+0.0852 test_r2=-0.0440±0.0172 (1.2s)
  [                       photo/e8+]     ssim2_resid       params+effdist n= 3509 y_std=11.7071 train_r2=+0.9564 test_r2=+0.9375±0.0066 (1.1s)
  [                       photo/e8+]     ssim2_resid params+effdist+feats n= 3509 y_std=11.7071 train_r2=+0.9970 test_r2=+0.9929±0.0023 (3.3s)
  [                       photo/e8+]       ssim2_raw          params_only n= 3509 y_std=12.4153 train_r2=+0.0876 test_r2=-0.0467±0.0229 (1.2s)
  [                       photo/e8+]       ssim2_raw       params+effdist n= 3509 y_std=12.4153 train_r2=+0.8824 test_r2=+0.8316±0.0143 (1.7s)
  [                       photo/e8+]       ssim2_raw params+effdist+feats n= 3509 y_std=12.4153 train_r2=+0.9977 test_r2=+0.9940±0.0022 (3.3s)
  [                       photo/e8+] log_bytes_resid          params_only n= 3509 y_std=0.5955 train_r2=+0.0833 test_r2=-0.0515±0.0182 (1.2s)
  [                       photo/e8+] log_bytes_resid       params+effdist n= 3509 y_std=0.5955 train_r2=+0.9665 test_r2=+0.9502±0.0051 (1.7s)
  [                       photo/e8+] log_bytes_resid params+effdist+feats n= 3509 y_std=0.5955 train_r2=+0.9953 test_r2=+0.9871±0.0040 (3.3s)
  [                       photo/e8+]   log_bytes_raw          params_only n= 3509 y_std=0.9629 train_r2=+0.0867 test_r2=-0.0540±0.0199 (1.2s)
  [                       photo/e8+]   log_bytes_raw       params+effdist n= 3509 y_std=0.9629 train_r2=+0.5283 test_r2=+0.3449±0.0396 (1.6s)
  [                       photo/e8+]   log_bytes_raw params+effdist+feats n= 3509 y_std=0.9629 train_r2=+0.9979 test_r2=+0.9949±0.0010 (3.2s)

Stratum photo/e5 (n=1783):
  [                        photo/e5]     ssim2_resid          params_only n= 1783 y_std=11.8926 train_r2=+0.1447 test_r2=-0.1177±0.0206 (0.8s)
  [                        photo/e5]     ssim2_resid       params+effdist n= 1783 y_std=11.8926 train_r2=+0.9541 test_r2=+0.9165±0.0072 (1.1s)
  [                        photo/e5]     ssim2_resid params+effdist+feats n= 1783 y_std=11.8926 train_r2=+0.9979 test_r2=+0.9917±0.0015 (1.9s)
  [                        photo/e5]       ssim2_raw          params_only n= 1783 y_std=12.6803 train_r2=+0.1420 test_r2=-0.1282±0.0224 (0.8s)
  [                        photo/e5]       ssim2_raw       params+effdist n= 1783 y_std=12.6803 train_r2=+0.8917 test_r2=+0.7853±0.0177 (1.1s)
  [                        photo/e5]       ssim2_raw params+effdist+feats n= 1783 y_std=12.6803 train_r2=+0.9984 test_r2=+0.9933±0.0013 (1.9s)
  [                        photo/e5] log_bytes_resid          params_only n= 1783 y_std=0.5898 train_r2=+0.1487 test_r2=-0.1137±0.0208 (0.8s)
  [                        photo/e5] log_bytes_resid       params+effdist n= 1783 y_std=0.5898 train_r2=+0.9724 test_r2=+0.9469±0.0079 (1.1s)
  [                        photo/e5] log_bytes_resid params+effdist+feats n= 1783 y_std=0.5898 train_r2=+0.9975 test_r2=+0.9849±0.0060 (1.2s)
  [                        photo/e5]   log_bytes_raw          params_only n= 1783 y_std=0.9429 train_r2=+0.1580 test_r2=-0.1054±0.0647 (0.8s)
  [                        photo/e5]   log_bytes_raw       params+effdist n= 1783 y_std=0.9429 train_r2=+0.6044 test_r2=+0.3039±0.0406 (1.0s)
  [                        photo/e5]   log_bytes_raw params+effdist+feats n= 1783 y_std=0.9429 train_r2=+0.9986 test_r2=+0.9942±0.0019 (1.8s)

Wrote /tmp/w44-221/phase1_joint_r2.tsv

======================================================================
HEADLINE: best test R² per (stratum, outcome_tag)
======================================================================
                         stratum          outcome              best_model     test_r2   gate_0.6      n
---------------------------------------------------------------------------------------------------------
                             all    log_bytes_raw    params+effdist+feats     +0.9931       PASS  11485
                             all  log_bytes_resid    params+effdist+feats     +0.9773       PASS  11485
                             all        ssim2_raw    params+effdist+feats     +0.9909       PASS  11485
                             all      ssim2_resid    params+effdist+feats     +0.9869       PASS  11485
                           photo    log_bytes_raw    params+effdist+feats     +0.9946       PASS   8900
                           photo  log_bytes_resid    params+effdist+feats     +0.9869       PASS   8900
                           photo        ssim2_raw    params+effdist+feats     +0.9936       PASS   8900
                           photo      ssim2_resid    params+effdist+feats     +0.9926       PASS   8900
                        photo/e5    log_bytes_raw    params+effdist+feats     +0.9942       PASS   1783
                        photo/e5  log_bytes_resid    params+effdist+feats     +0.9849       PASS   1783
                        photo/e5        ssim2_raw    params+effdist+feats     +0.9933       PASS   1783
                        photo/e5      ssim2_resid    params+effdist+feats     +0.9917       PASS   1783
                       photo/e8+    log_bytes_raw    params+effdist+feats     +0.9949       PASS   3509
                       photo/e8+  log_bytes_resid    params+effdist+feats     +0.9871       PASS   3509
                       photo/e8+        ssim2_raw    params+effdist+feats     +0.9940       PASS   3509
                       photo/e8+      ssim2_resid    params+effdist+feats     +0.9929       PASS   3509
                      photo/high    log_bytes_raw    params+effdist+feats     +0.9886       PASS   2511
                      photo/high  log_bytes_resid    params+effdist+feats     +0.8715       PASS   2511
                      photo/high        ssim2_raw    params+effdist+feats     +0.9833       PASS   2511
                      photo/high      ssim2_resid    params+effdist+feats     +0.9658       PASS   2511
                 photo/very_high    log_bytes_raw    params+effdist+feats     +0.9867       PASS   2589
                 photo/very_high  log_bytes_resid    params+effdist+feats     +0.7493       PASS   2589
                 photo/very_high        ssim2_raw    params+effdist+feats     +0.9764       PASS   2589
                 photo/very_high      ssim2_resid    params+effdist+feats     +0.8827       PASS   2589
                          screen    log_bytes_raw    params+effdist+feats     +0.9904       PASS   2585
                          screen  log_bytes_resid    params+effdist+feats     +0.8996       PASS   2585
                          screen        ssim2_raw    params+effdist+feats     +0.9525       PASS   2585
                          screen      ssim2_resid    params+effdist+feats     +0.9453       PASS   2585
                      screen/e8+    log_bytes_raw    params+effdist+feats     +0.9905       PASS    870
                      screen/e8+  log_bytes_resid    params+effdist+feats     +0.8907       PASS    870
                      screen/e8+        ssim2_raw    params+effdist+feats     +0.9480       PASS    870
                      screen/e8+      ssim2_resid    params+effdist+feats     +0.9395       PASS    870
                     screen/high    log_bytes_raw    params+effdist+feats     +0.9875       PASS    721
                     screen/high  log_bytes_resid    params+effdist+feats     +0.8920       PASS    721
                     screen/high        ssim2_raw    params+effdist+feats     +0.9110       PASS    721
                     screen/high      ssim2_resid    params+effdist+feats     +0.8502       PASS    721
                screen/very_high    log_bytes_raw    params+effdist+feats     +0.9849       PASS    684
                screen/very_high  log_bytes_resid    params+effdist+feats     +0.8482       PASS    684
                screen/very_high        ssim2_raw    params+effdist+feats     +0.8966       PASS    684
                screen/very_high      ssim2_resid    params+effdist+feats     +0.8733       PASS    684
