Loaded corpus: 11485 rows
======================================================================
Step 1: fit joint GBR on full corpus (params+effdist+feats)
======================================================================
  ssim2_resid: train R² = +0.9920  (2.9s)
  log_bytes_resid: train R² = +0.9862  (3.5s)

======================================================================
Step 2: select 20 anchor cells covering the corpus
======================================================================
  selected 16 anchors

======================================================================
Step 3: build 5000-point LHS sample in 6-param space (W44-216 bounds)
======================================================================
  LHS shape: (5000, 6), param ranges:
    p1: [40.515, 192.832]
    p2: [75.635, 108.144]
    p3: [1.150, 7.889]
    p4: [1.711, 5.330]
    p5: [1.190, 3.800]
    p6: [1.640, 5.410]

======================================================================
Step 4: predict 5000 LHS × 16 anchors × 2 outcomes
  = 160000 predictions
======================================================================
  ssim2_resid: predictions shape (5000, 16), mean ± std per anchor: +1.8693 ± 0.4926  (0.1s)
  log_bytes_resid: predictions shape (5000, 16), mean ± std per anchor: +0.1036 ± 0.0353  (0.1s)

======================================================================
Step 5: PCA on stacked output matrix [N_LHS × (2 * N_anchors)]
======================================================================
  Y_stack shape: (5000, 32)

  Variance explained per PC (first 10):
    PC1: λ=258.8406  σ²/σ²_total=0.4187  cumulative=0.4187
    PC2: λ=179.0290  σ²/σ²_total=0.2003  cumulative=0.6191
    PC3: λ=120.2472  σ²/σ²_total=0.0904  cumulative=0.7094
    PC4: λ=100.2795  σ²/σ²_total=0.0628  cumulative=0.7723
    PC5: λ=85.2959  σ²/σ²_total=0.0455  cumulative=0.8178
    PC6: λ=77.4508  σ²/σ²_total=0.0375  cumulative=0.8552
    PC7: λ=68.0820  σ²/σ²_total=0.0290  cumulative=0.8842
    PC8: λ=57.9669  σ²/σ²_total=0.0210  cumulative=0.9052
    PC9: λ=55.6975  σ²/σ²_total=0.0194  cumulative=0.9246
    PC10: λ=49.8824  σ²/σ²_total=0.0156  cumulative=0.9402
  rank ≥ 80% variance: 5
  rank ≥ 85% variance: 6
  rank ≥ 90% variance: 8
  rank ≥ 95% variance: 11
  rank ≥ 99% variance: 18

======================================================================
Step 6: input-space loadings per PC
======================================================================

  Param loadings (L2-normalized) per PC:
   PC        p1        p2        p3        p4        p5        p6   {dominant}
    1    -0.009    -0.844    +0.093    -0.223    +0.468    +0.098   -p2 +p5
    2    +0.077    -0.767    -0.007    +0.047    -0.626    -0.102   -p2 -p5
    3    +0.268    -0.004    +0.389    -0.738    +0.482    -0.030   +p3 -p4 +p5
    4    +0.046    +0.180    +0.319    -0.595    -0.692    -0.176   +p3 -p4 -p5
    5    +0.256    -0.154    +0.512    +0.776    -0.125    -0.174   +p3 +p4
    6    -0.086    +0.125    +0.339    +0.031    +0.643    -0.669   +p3 +p5 -p6
    7    +0.027    +0.066    +0.191    -0.062    -0.299    +0.930   +p6
    8    +0.242    -0.090    -0.151    +0.447    -0.337    -0.773   +p4 -p5 -p6
    9    -0.376    -0.026    -0.593    -0.436    +0.109    -0.552   -p1 -p3 -p4 -p6
   10    -0.464    -0.164    -0.563    +0.380    -0.209    +0.503   -p1 -p3 +p4 +p6

======================================================================
Step 7: write outputs
======================================================================
  Wrote: phase2_pca_variance.tsv
         phase2_pca_loadings.tsv
         phase2_anchor_cells.tsv
         phase2_lhs_predictions.npz
