[load] /mnt/tower/output/zenjxl-tuning/2026-05-22/w44-219-densify/merged.parquet
[load] 9065 rows × 44 cols
[prep] decoded params_blob → p1..p6 (9065 rows)
[prep] zenjxl rows after NaN/inf filter: 9018
[prep] feats_present=12 INPUT_COLS=20

[gbr] fitting joint models (subsample=0.8, seed=42)…
[gbr] fit done in 5.9s
[anchors] total 40 cells
[full] unique full-param vectors: 255
[grid] 5-knob 7^5 grid: 16807 candidates
[grid] default-knob grid index: 8354 → tuple=(np.float64(0.5), np.float64(1.0), np.float64(1.0), np.float64(3.5), np.float64(0.0))
[grid] default-knob 6-param distance from RuntimeTuning::default(): 0.000000e+00

==============================================================================
PER-STRATUM OPTIMUM SEARCH
==============================================================================

[stratum] photo/very_high
  n_corpus=2071  n_anchors=5
  full-param Pareto: 20 of 255
  knob-search wall: 0.15s; best_idx=4838
  default-knob max gap:   2.0527%
  optimum-knob max gap:   0.0000%  (Δ = +2.053 pp)
  optimum knobs: smoothness=0.333  aggr=0.000  lift=0.500  d_gate=4.833  k5=-0.667
  knob_distance_L2 from default: 1.8708

[stratum] photo/high
  n_corpus=1997  n_anchors=5
  full-param Pareto: 22 of 255
  knob-search wall: 0.15s; best_idx=2584
  default-knob max gap:   1.5922%
  optimum-knob max gap:   0.0000%  (Δ = +1.592 pp)
  optimum knobs: smoothness=0.167  aggr=0.000  lift=1.250  d_gate=4.833  k5=-0.667
  knob_distance_L2 from default: 1.8428

[stratum] photo/mid
  n_corpus=2018  n_anchors=5
  full-param Pareto: 6 of 255
  knob-search wall: 0.14s; best_idx=14718
  default-knob max gap:   2.1963%
  optimum-knob max gap:   0.9233%  (Δ = +1.273 pp)
  optimum knobs: smoothness=1.000  aggr=0.000  lift=2.000  d_gate=2.833  k5=+0.333
  knob_distance_L2 from default: 1.6750

[stratum] photo/low
  n_corpus=1037  n_anchors=5
  full-param Pareto: 17 of 255
  knob-search wall: 0.14s; best_idx=12017
  default-knob max gap:   1.1804%
  optimum-knob max gap:   0.0000%  (Δ = +1.180 pp)
  optimum knobs: smoothness=0.833  aggr=0.000  lift=0.500  d_gate=2.167  k5=+0.667
  knob_distance_L2 from default: 1.8930

[stratum] screen/very_high
  n_corpus=478  n_anchors=5
  full-param Pareto: 35 of 255
  knob-search wall: 0.18s; best_idx=3
  default-knob max gap:  49.6677%
  optimum-knob max gap:   0.0000%  (Δ = +49.668 pp)
  optimum knobs: smoothness=0.000  aggr=0.000  lift=0.500  d_gate=1.500  k5=+0.000
  knob_distance_L2 from default: 2.3452

[stratum] screen/high
  n_corpus=550  n_anchors=5
  full-param Pareto: 36 of 255
  knob-search wall: 0.15s; best_idx=23
  default-knob max gap:  16.7213%
  optimum-knob max gap:   0.0000%  (Δ = +16.721 pp)
  optimum knobs: smoothness=0.000  aggr=0.000  lift=0.500  d_gate=3.500  k5=-0.333
  knob_distance_L2 from default: 1.2693

[stratum] screen/mid
  n_corpus=585  n_anchors=5
  full-param Pareto: 20 of 255
  knob-search wall: 0.13s; best_idx=24
  default-knob max gap:   4.0293%
  optimum-knob max gap:   0.0000%  (Δ = +4.029 pp)
  optimum knobs: smoothness=0.000  aggr=0.000  lift=0.500  d_gate=3.500  k5=+0.000
  knob_distance_L2 from default: 1.2247

[stratum] screen/low
  n_corpus=282  n_anchors=5
  full-param Pareto: 17 of 255
  knob-search wall: 0.14s; best_idx=14416
  default-knob max gap:   5.0828%
  optimum-knob max gap:   0.2351%  (Δ = +4.848 pp)
  optimum knobs: smoothness=1.000  aggr=0.000  lift=0.500  d_gate=2.167  k5=+0.000
  knob_distance_L2 from default: 1.8105

[output] wrote 8 rows → /home/lilith/work/zen/jxl-encoder/benchmarks/sweeps/w44-219-densify/analysis/w44_228a/per_stratum_optima.tsv

==============================================================================
HEADLINES
==============================================================================

Per-stratum optima (sorted by delta_pp descending):
           stratum | n_corpus |  def_gap% |  opt_gap% | delta_pp |     L2
------------------------------------------------------------------------------
  screen/very_high |      478 |  +49.6677 |   +0.0000 | +49.668 |  2.345
       screen/high |      550 |  +16.7213 |   +0.0000 | +16.721 |  1.269
        screen/low |      282 |   +5.0828 |   +0.2351 |  +4.848 |  1.810
        screen/mid |      585 |   +4.0293 |   +0.0000 |  +4.029 |  1.225
   photo/very_high |     2071 |   +2.0527 |   +0.0000 |  +2.053 |  1.871
        photo/high |     1997 |   +1.5922 |   +0.0000 |  +1.592 |  1.843
         photo/mid |     2018 |   +2.1963 |   +0.9233 |  +1.273 |  1.675
         photo/low |     1037 |   +1.1804 |   +0.0000 |  +1.180 |  1.893

Aggregate: mean(Δ_pp) = +10.171, max(Δ_pp) = +49.668, min(Δ_pp) = +1.180  (n_strata_eval=8/8)

DECISION: SHIP-W44-228b
  Rationale: max(Δ_pp)=49.668 ≥ 1.0 pp on screen/very_high. At least one stratum benefits substantially from per-stratum defaults; lookup table is the artifact.
  Top-2 most-affected strata:
    screen/very_high: Δ_pp = +49.668
    screen/high: Δ_pp = +16.721
