cargo test -p jxl-encoder --test clic2025 test_rd_regression -- --ignored --nocapture
   Compiling jxl-encoder v0.3.1 (/home/lilith/work/zen/jxl-encoder/jxl-encoder)
    Finished `test` profile [optimized + debuginfo] target(s) in 20.71s
     Running tests/clic2025.rs (target/debug/deps/clic2025-aef5b65ed2bd96a7)

running 2 tests

=== RD Regression Test ===

--- Distance 0.25 ---

Image          Size     Base      %     Bfly   Base      B%    SSIM2   Base
----------------------------------------------------------------------------------

=== High-Distance RD Regression Test ===

--- Distance 2.0 ---

Image          Size     Base      %     Bfly   Base      B%    SSIM2   Base
----------------------------------------------------------------------------------
frymire     1185985  1186449  -0.0%   1.546  1.546  -0.0%   93.32  93.47
frymire      463724   463859  -0.0%   3.111  3.111  +0.0%   77.96  77.96
1001682      120385   120481  -0.1%   0.472  0.472  -0.1%   92.97  92.98
1001682       33841    33843  -0.0%   2.512  2.512  -0.0%   75.82  75.84
1028637       92439    92631  -0.2%   0.437  0.437  +0.1%!   93.63  93.66
1028637       29077    29082  -0.0%   2.227  2.227  -0.0%   75.31  75.30
1029604      158708   158782  -0.0%   0.412  0.412  -0.1%   94.82  94.81
1029604       42907    43500  -1.4%   2.283  2.283  -0.0%   79.22  79.24
106399       115574   115785  -0.2%   0.654  0.654  -0.0%   93.66  93.68
106399        31200    31482  -0.9%   2.065  2.065  -0.0%   77.65  77.65
1080721      105039   105269  -0.2%   0.470  0.470  -0.1%   93.36  93.30

--- Distance 0.50 ---

Image          Size     Base      %     Bfly   Base      B%    SSIM2   Base
----------------------------------------------------------------------------------
1080721       28367    28638  -0.9%   2.087  2.087  -0.0%   82.32  82.28

--- Distance 3.0 ---

Image          Size     Base      %     Bfly   Base      B%    SSIM2   Base
----------------------------------------------------------------------------------
frymire      902200   902610  -0.0%   1.550  1.550  +0.0%   91.07  91.12
frymire      370926   370935  -0.0%   4.028  4.028  +0.0%   70.91  70.90
1001682       83815    83833  -0.0%   0.662  0.662  +0.1%!   90.64  90.61
1001682       22283    22674  -1.7%   3.279  3.279  -0.0%   65.66  65.67
1028637       64226    64354  -0.2%   0.885  0.885  -0.0%   90.40  90.41
1028637       22250    22288  -0.2%   3.095  3.095  -0.0%   68.61  68.61
1029604      109984   110085  -0.1%   0.708  0.708  +0.0%   92.11  92.07
1029604       29967    31237  -4.1%   3.276  3.276  -0.0%   72.40  72.40
106399        76047    76180  -0.2%   0.713  0.713  +0.1%!   91.16  91.11
106399        23413    23507  -0.4%   2.821  2.821  +0.0%   71.08  71.08
1080721       22192    22304  -0.5%   2.771  2.771  +0.0%   77.01  77.04

=== Summary ===

All images within quality thresholds.
  Butteraugli floor: < 8.0 (catches broken transforms)
  SSIM2 floor: > 40.0 (catches broken transforms)
test test_rd_regression_high_distance ... ok
1080721       67071    67249  -0.3%   0.762  0.762  +0.1%!   91.51  91.50

--- Distance 1.00 ---

Image          Size     Base      %     Bfly   Base      B%    SSIM2   Base
----------------------------------------------------------------------------------
frymire      661152   661495  -0.1%   1.570  1.570  -0.0%   86.50  86.48
1001682       54575    54766  -0.3%   1.265  1.265  -0.0%   85.85  85.87
1028637       44087    44176  -0.2%   1.371  1.371  +0.0%   84.57  84.56
1029604       70554    70607  -0.1%   1.431  1.431  -0.0%   87.28  87.31
106399        49998    50059  -0.1%   1.417  1.417  -0.0%   86.23  86.24
1080721       43727    43795  -0.2%   1.335  1.335  -0.0%   88.03  88.03

=== Summary ===

Improvements vs baseline:
  + frymire d=0.25: size 0.0% smaller
  + 1001682 d=0.25: size 0.1% smaller
  + 1028637 d=0.25: size 0.2% smaller
  + 1029604 d=0.25: size 0.0% smaller
  + 106399 d=0.25: size 0.2% smaller
  + 1080721 d=0.25: size 0.2% smaller
  + frymire d=0.5: size 0.0% smaller
  + 1001682 d=0.5: size 0.0% smaller
  + 1028637 d=0.5: size 0.2% smaller
  + 1029604 d=0.5: size 0.1% smaller
  + 106399 d=0.5: size 0.2% smaller
  + 1080721 d=0.5: size 0.3% smaller
  + frymire d=1: size 0.1% smaller
  + 1001682 d=1: size 0.3% smaller
  + 1028637 d=1: size 0.2% smaller
  + 1029604 d=1: size 0.1% smaller
  + 106399 d=1: size 0.1% smaller
  + 1080721 d=1: size 0.2% smaller

All images within regression thresholds.
  Size: < baseline * 103%
  Butteraugli: < baseline * 105%
  SSIM2: > baseline - 1.0
test test_rd_regression ... ok

test result: ok. 2 passed; 0 failed; 0 ignored; 0 measured; 69 filtered out; finished in 22.91s

